DUT:     /run/user/1000/gvfs/sftp:host=olympus.ece.tamu.edu,user=dhanush_adithya/home/grads/d/dhanush_adithya/fall27/jv_llm/assignment-1/submission_artifacts/run_records/experiment_001/controller/direct/run_01/controller_direct_run_001/controller_direct_initial_rtl.sv
Vectors: /run/user/1000/gvfs/sftp:host=olympus.ece.tamu.edu,user=dhanush_adithya/home/grads/d/dhanush_adithya/fall27/jv_llm/assignment-1/submission_artifacts/code/A1_student/module_packages/controller/vectors/sample/controller_sample.txt
/run/user/1000/gvfs/sftp:host=olympus.ece.tamu.edu,user=dhanush_adithya/home/grads/d/dhanush_adithya/fall27/jv_llm/assignment-1/submission_artifacts/run_records/experiment_001/controller/direct/run_01/controller_direct_run_001/controller_direct_initial_rtl.sv:22: sorry: constant selects in always_* processes are not fully supported (the process will be sensitive to all bits in 'InstrD[31:0]').
/run/user/1000/gvfs/sftp:host=olympus.ece.tamu.edu,user=dhanush_adithya/home/grads/d/dhanush_adithya/fall27/jv_llm/assignment-1/submission_artifacts/run_records/experiment_001/controller/direct/run_01/controller_direct_run_001/controller_direct_initial_rtl.sv:23: sorry: constant selects in always_* processes are not fully supported (the process will be sensitive to all bits in 'InstrD[31:0]').
/run/user/1000/gvfs/sftp:host=olympus.ece.tamu.edu,user=dhanush_adithya/home/grads/d/dhanush_adithya/fall27/jv_llm/assignment-1/submission_artifacts/run_records/experiment_001/controller/direct/run_01/controller_direct_run_001/controller_direct_initial_rtl.sv:24: sorry: constant selects in always_* processes are not fully supported (the process will be sensitive to all bits in 'InstrD[31:0]').
/run/user/1000/gvfs/sftp:host=olympus.ece.tamu.edu,user=dhanush_adithya/home/grads/d/dhanush_adithya/fall27/jv_llm/assignment-1/submission_artifacts/run_records/experiment_001/controller/direct/run_01/controller_direct_run_001/controller_direct_initial_rtl.sv:39: vvp.tgt sorry: Case unique/unique0 qualities are ignored.
/run/user/1000/gvfs/sftp:host=olympus.ece.tamu.edu,user=dhanush_adithya/home/grads/d/dhanush_adithya/fall27/jv_llm/assignment-1/submission_artifacts/run_records/experiment_001/controller/direct/run_01/controller_direct_run_001/controller_direct_initial_rtl.sv:60: vvp.tgt sorry: Case unique/unique0 qualities are ignored.
/run/user/1000/gvfs/sftp:host=olympus.ece.tamu.edu,user=dhanush_adithya/home/grads/d/dhanush_adithya/fall27/jv_llm/assignment-1/submission_artifacts/run_records/experiment_001/controller/direct/run_01/controller_direct_run_001/controller_direct_initial_rtl.sv:123: vvp.tgt sorry: Case unique/unique0 qualities are ignored.
============================================================
Assignment 1 RV32I Controller Testbench
Vectors: /run/user/1000/gvfs/sftp:host=olympus.ece.tamu.edu,user=dhanush_adithya/home/grads/d/dhanush_adithya/fall27/jv_llm/assignment-1/submission_artifacts/code/A1_student/module_packages/controller/vectors/sample/controller_sample.txt
============================================================
FAIL test=38 category=7 Instr=00312463
  RegWriteD     got=0 exp=0
  ImmSrcD       got=010 exp=00000000000000000000000000000000
  ALUSrcAD      got=1 exp=0
  ALUSrcBD      got=1 exp=0
  MemRWD        got=00 exp=00000000000000000000000000000000
  ResultSrcD    got=000 exp=00000000000000000000000000000000
  BranchD       got=0 exp=0
  JumpD         got=0 exp=0
  ALUResultSrcD got=0 exp=0
  ALUSelectD    got=000 exp=00000000000000000000000000000000
  SubArithD     got=0 exp=0
  IllegalInstrD got=1 exp=1
FAIL test=39 category=7 Instr=000110e7
  RegWriteD     got=0 exp=0
  ImmSrcD       got=000 exp=00000000000000000000000000000000
  ALUSrcAD      got=0 exp=0
  ALUSrcBD      got=1 exp=0
  MemRWD        got=00 exp=00000000000000000000000000000000
  ResultSrcD    got=000 exp=00000000000000000000000000000000
  BranchD       got=0 exp=0
  JumpD         got=0 exp=0
  ALUResultSrcD got=1 exp=0
  ALUSelectD    got=000 exp=00000000000000000000000000000000
  SubArithD     got=0 exp=0
  IllegalInstrD got=1 exp=1
FAIL test=40 category=7 Instr=403170b3
  RegWriteD     got=0 exp=0
  ImmSrcD       got=000 exp=00000000000000000000000000000000
  ALUSrcAD      got=0 exp=0
  ALUSrcBD      got=0 exp=0
  MemRWD        got=00 exp=00000000000000000000000000000000
  ResultSrcD    got=000 exp=00000000000000000000000000000000
  BranchD       got=0 exp=0
  JumpD         got=0 exp=0
  ALUResultSrcD got=0 exp=0
  ALUSelectD    got=111 exp=00000000000000000000000000000000
  SubArithD     got=0 exp=0
  IllegalInstrD got=1 exp=1
------------------------------------------------------------
Passed: 37
Failed: 3
Total : 40
Score : 92.50%
------------------------------------------------------------
FAIL
/run/user/1000/gvfs/sftp:host=olympus.ece.tamu.edu,user=dhanush_adithya/home/grads/d/dhanush_adithya/fall27/jv_llm/assignment-1/submission_artifacts/code/A1_student/module_packages/controller/testbench/controller_tb.sv:156: $finish(1) called at 40000 (1ps)
>>> RESULT: FAIL
