DUT:     /run/user/1000/gvfs/sftp:host=olympus.ece.tamu.edu,user=dhanush_adithya/home/grads/d/dhanush_adithya/fall27/jv_llm/assignment-1/submission_artifacts/run_records/experiment_001/controller/template_fill/run_01/controller_template_fill_run_001/controller_template_fill_initial_rtl.sv
Vectors: /run/user/1000/gvfs/sftp:host=olympus.ece.tamu.edu,user=dhanush_adithya/home/grads/d/dhanush_adithya/fall27/jv_llm/assignment-1/submission_artifacts/code/A1_student/module_packages/controller/vectors/sample/controller_sample.txt
/run/user/1000/gvfs/sftp:host=olympus.ece.tamu.edu,user=dhanush_adithya/home/grads/d/dhanush_adithya/fall27/jv_llm/assignment-1/submission_artifacts/run_records/experiment_001/controller/template_fill/run_01/controller_template_fill_run_001/controller_template_fill_initial_rtl.sv:22: sorry: constant selects in always_* processes are not fully supported (the process will be sensitive to all bits in 'InstrD[31:0]').
/run/user/1000/gvfs/sftp:host=olympus.ece.tamu.edu,user=dhanush_adithya/home/grads/d/dhanush_adithya/fall27/jv_llm/assignment-1/submission_artifacts/run_records/experiment_001/controller/template_fill/run_01/controller_template_fill_run_001/controller_template_fill_initial_rtl.sv:23: sorry: constant selects in always_* processes are not fully supported (the process will be sensitive to all bits in 'InstrD[31:0]').
/run/user/1000/gvfs/sftp:host=olympus.ece.tamu.edu,user=dhanush_adithya/home/grads/d/dhanush_adithya/fall27/jv_llm/assignment-1/submission_artifacts/run_records/experiment_001/controller/template_fill/run_01/controller_template_fill_run_001/controller_template_fill_initial_rtl.sv:24: sorry: constant selects in always_* processes are not fully supported (the process will be sensitive to all bits in 'InstrD[31:0]').
============================================================
Assignment 1 RV32I Controller Testbench
Vectors: /run/user/1000/gvfs/sftp:host=olympus.ece.tamu.edu,user=dhanush_adithya/home/grads/d/dhanush_adithya/fall27/jv_llm/assignment-1/submission_artifacts/code/A1_student/module_packages/controller/vectors/sample/controller_sample.txt
============================================================
FAIL test=11 category=1 Instr=a5510093
  RegWriteD     got=0 exp=1
  ImmSrcD       got=000 exp=00000000000000000000000000000000
  ALUSrcAD      got=0 exp=0
  ALUSrcBD      got=1 exp=1
  MemRWD        got=00 exp=00000000000000000000000000000000
  ResultSrcD    got=000 exp=00000000000000000000000000000000
  BranchD       got=0 exp=0
  JumpD         got=0 exp=0
  ALUResultSrcD got=0 exp=0
  ALUSelectD    got=000 exp=00000000000000000000000000000000
  SubArithD     got=0 exp=0
  IllegalInstrD got=1 exp=0
FAIL test=13 category=1 Instr=a5512093
  RegWriteD     got=0 exp=1
  ImmSrcD       got=000 exp=00000000000000000000000000000000
  ALUSrcAD      got=0 exp=0
  ALUSrcBD      got=1 exp=1
  MemRWD        got=00 exp=00000000000000000000000000000000
  ResultSrcD    got=000 exp=00000000000000000000000000000000
  BranchD       got=0 exp=0
  JumpD         got=0 exp=0
  ALUResultSrcD got=0 exp=0
  ALUSelectD    got=010 exp=00000000000000000000000000000010
  SubArithD     got=0 exp=1
  IllegalInstrD got=1 exp=0
FAIL test=14 category=1 Instr=a5513093
  RegWriteD     got=0 exp=1
  ImmSrcD       got=000 exp=00000000000000000000000000000000
  ALUSrcAD      got=0 exp=0
  ALUSrcBD      got=1 exp=1
  MemRWD        got=00 exp=00000000000000000000000000000000
  ResultSrcD    got=000 exp=00000000000000000000000000000000
  BranchD       got=0 exp=0
  JumpD         got=0 exp=0
  ALUResultSrcD got=0 exp=0
  ALUSelectD    got=011 exp=00000000000000000000000000000011
  SubArithD     got=0 exp=1
  IllegalInstrD got=1 exp=0
FAIL test=15 category=1 Instr=a5514093
  RegWriteD     got=0 exp=1
  ImmSrcD       got=000 exp=00000000000000000000000000000000
  ALUSrcAD      got=0 exp=0
  ALUSrcBD      got=1 exp=1
  MemRWD        got=00 exp=00000000000000000000000000000000
  ResultSrcD    got=000 exp=00000000000000000000000000000000
  BranchD       got=0 exp=0
  JumpD         got=0 exp=0
  ALUResultSrcD got=0 exp=0
  ALUSelectD    got=100 exp=00000000000000000000000000000100
  SubArithD     got=0 exp=0
  IllegalInstrD got=1 exp=0
FAIL test=18 category=1 Instr=a5516093
  RegWriteD     got=0 exp=1
  ImmSrcD       got=000 exp=00000000000000000000000000000000
  ALUSrcAD      got=0 exp=0
  ALUSrcBD      got=1 exp=1
  MemRWD        got=00 exp=00000000000000000000000000000000
  ResultSrcD    got=000 exp=00000000000000000000000000000000
  BranchD       got=0 exp=0
  JumpD         got=0 exp=0
  ALUResultSrcD got=0 exp=0
  ALUSelectD    got=110 exp=00000000000000000000000000000110
  SubArithD     got=0 exp=0
  IllegalInstrD got=1 exp=0
FAIL test=19 category=1 Instr=a5517093
  RegWriteD     got=0 exp=1
  ImmSrcD       got=000 exp=00000000000000000000000000000000
  ALUSrcAD      got=0 exp=0
  ALUSrcBD      got=1 exp=1
  MemRWD        got=00 exp=00000000000000000000000000000000
  ResultSrcD    got=000 exp=00000000000000000000000000000000
  BranchD       got=0 exp=0
  JumpD         got=0 exp=0
  ALUResultSrcD got=0 exp=0
  ALUSelectD    got=111 exp=00000000000000000000000000000111
  SubArithD     got=0 exp=0
  IllegalInstrD got=1 exp=0
FAIL test=38 category=7 Instr=00312463
  RegWriteD     got=0 exp=0
  ImmSrcD       got=010 exp=00000000000000000000000000000000
  ALUSrcAD      got=1 exp=0
  ALUSrcBD      got=1 exp=0
  MemRWD        got=00 exp=00000000000000000000000000000000
  ResultSrcD    got=000 exp=00000000000000000000000000000000
  BranchD       got=0 exp=0
  JumpD         got=0 exp=0
  ALUResultSrcD got=0 exp=0
  ALUSelectD    got=000 exp=00000000000000000000000000000000
  SubArithD     got=0 exp=0
  IllegalInstrD got=1 exp=1
FAIL test=39 category=7 Instr=000110e7
  RegWriteD     got=0 exp=0
  ImmSrcD       got=000 exp=00000000000000000000000000000000
  ALUSrcAD      got=0 exp=0
  ALUSrcBD      got=1 exp=0
  MemRWD        got=00 exp=00000000000000000000000000000000
  ResultSrcD    got=000 exp=00000000000000000000000000000000
  BranchD       got=0 exp=0
  JumpD         got=0 exp=0
  ALUResultSrcD got=1 exp=0
  ALUSelectD    got=000 exp=00000000000000000000000000000000
  SubArithD     got=0 exp=0
  IllegalInstrD got=1 exp=1
FAIL test=40 category=7 Instr=403170b3
  RegWriteD     got=0 exp=0
  ImmSrcD       got=000 exp=00000000000000000000000000000000
  ALUSrcAD      got=0 exp=0
  ALUSrcBD      got=0 exp=0
  MemRWD        got=00 exp=00000000000000000000000000000000
  ResultSrcD    got=000 exp=00000000000000000000000000000000
  BranchD       got=0 exp=0
  JumpD         got=0 exp=0
  ALUResultSrcD got=0 exp=0
  ALUSelectD    got=111 exp=00000000000000000000000000000000
  SubArithD     got=0 exp=0
  IllegalInstrD got=1 exp=1
------------------------------------------------------------
Passed: 31
Failed: 9
Total : 40
Score : 77.50%
------------------------------------------------------------
FAIL
/run/user/1000/gvfs/sftp:host=olympus.ece.tamu.edu,user=dhanush_adithya/home/grads/d/dhanush_adithya/fall27/jv_llm/assignment-1/submission_artifacts/code/A1_student/module_packages/controller/testbench/controller_tb.sv:156: $finish(1) called at 40000 (1ps)
>>> RESULT: FAIL
