DUT:     /run/user/1000/gvfs/sftp:host=olympus.ece.tamu.edu,user=dhanush_adithya/home/grads/d/dhanush_adithya/fall27/jv_llm/assignment-1/submission_artifacts/run_records/experiment_001/extend/rules_constraints/run_01/extend_rules_constraints_run_001/extend_rules_constraints_initial_rtl.sv
Vectors: /run/user/1000/gvfs/sftp:host=olympus.ece.tamu.edu,user=dhanush_adithya/home/grads/d/dhanush_adithya/fall27/jv_llm/assignment-1/submission_artifacts/code/A1_student/module_packages/extend/vectors/sample/extend_sample.txt
/run/user/1000/gvfs/sftp:host=olympus.ece.tamu.edu,user=dhanush_adithya/home/grads/d/dhanush_adithya/fall27/jv_llm/assignment-1/submission_artifacts/run_records/experiment_001/extend/rules_constraints/run_01/extend_rules_constraints_run_001/extend_rules_constraints_initial_rtl.sv:10: sorry: constant selects in always_* processes are not fully supported (the process will be sensitive to all bits in 'InstrD[31:7]').
/run/user/1000/gvfs/sftp:host=olympus.ece.tamu.edu,user=dhanush_adithya/home/grads/d/dhanush_adithya/fall27/jv_llm/assignment-1/submission_artifacts/run_records/experiment_001/extend/rules_constraints/run_01/extend_rules_constraints_run_001/extend_rules_constraints_initial_rtl.sv:10: sorry: constant selects in always_* processes are not fully supported (the process will be sensitive to all bits in 'InstrD[31:7]').
/run/user/1000/gvfs/sftp:host=olympus.ece.tamu.edu,user=dhanush_adithya/home/grads/d/dhanush_adithya/fall27/jv_llm/assignment-1/submission_artifacts/run_records/experiment_001/extend/rules_constraints/run_01/extend_rules_constraints_run_001/extend_rules_constraints_initial_rtl.sv:11: sorry: constant selects in always_* processes are not fully supported (the process will be sensitive to all bits in 'InstrD[31:7]').
/run/user/1000/gvfs/sftp:host=olympus.ece.tamu.edu,user=dhanush_adithya/home/grads/d/dhanush_adithya/fall27/jv_llm/assignment-1/submission_artifacts/run_records/experiment_001/extend/rules_constraints/run_01/extend_rules_constraints_run_001/extend_rules_constraints_initial_rtl.sv:11: sorry: constant selects in always_* processes are not fully supported (the process will be sensitive to all bits in 'InstrD[31:7]').
/run/user/1000/gvfs/sftp:host=olympus.ece.tamu.edu,user=dhanush_adithya/home/grads/d/dhanush_adithya/fall27/jv_llm/assignment-1/submission_artifacts/run_records/experiment_001/extend/rules_constraints/run_01/extend_rules_constraints_run_001/extend_rules_constraints_initial_rtl.sv:11: sorry: constant selects in always_* processes are not fully supported (the process will be sensitive to all bits in 'InstrD[31:7]').
/run/user/1000/gvfs/sftp:host=olympus.ece.tamu.edu,user=dhanush_adithya/home/grads/d/dhanush_adithya/fall27/jv_llm/assignment-1/submission_artifacts/run_records/experiment_001/extend/rules_constraints/run_01/extend_rules_constraints_run_001/extend_rules_constraints_initial_rtl.sv:12: sorry: constant selects in always_* processes are not fully supported (the process will be sensitive to all bits in 'InstrD[31:7]').
/run/user/1000/gvfs/sftp:host=olympus.ece.tamu.edu,user=dhanush_adithya/home/grads/d/dhanush_adithya/fall27/jv_llm/assignment-1/submission_artifacts/run_records/experiment_001/extend/rules_constraints/run_01/extend_rules_constraints_run_001/extend_rules_constraints_initial_rtl.sv:12: sorry: constant selects in always_* processes are not fully supported (the process will be sensitive to all bits in 'InstrD[31:7]').
/run/user/1000/gvfs/sftp:host=olympus.ece.tamu.edu,user=dhanush_adithya/home/grads/d/dhanush_adithya/fall27/jv_llm/assignment-1/submission_artifacts/run_records/experiment_001/extend/rules_constraints/run_01/extend_rules_constraints_run_001/extend_rules_constraints_initial_rtl.sv:12: sorry: constant selects in always_* processes are not fully supported (the process will be sensitive to all bits in 'InstrD[31:7]').
/run/user/1000/gvfs/sftp:host=olympus.ece.tamu.edu,user=dhanush_adithya/home/grads/d/dhanush_adithya/fall27/jv_llm/assignment-1/submission_artifacts/run_records/experiment_001/extend/rules_constraints/run_01/extend_rules_constraints_run_001/extend_rules_constraints_initial_rtl.sv:12: sorry: constant selects in always_* processes are not fully supported (the process will be sensitive to all bits in 'InstrD[31:7]').
/run/user/1000/gvfs/sftp:host=olympus.ece.tamu.edu,user=dhanush_adithya/home/grads/d/dhanush_adithya/fall27/jv_llm/assignment-1/submission_artifacts/run_records/experiment_001/extend/rules_constraints/run_01/extend_rules_constraints_run_001/extend_rules_constraints_initial_rtl.sv:13: sorry: constant selects in always_* processes are not fully supported (the process will be sensitive to all bits in 'InstrD[31:7]').
/run/user/1000/gvfs/sftp:host=olympus.ece.tamu.edu,user=dhanush_adithya/home/grads/d/dhanush_adithya/fall27/jv_llm/assignment-1/submission_artifacts/run_records/experiment_001/extend/rules_constraints/run_01/extend_rules_constraints_run_001/extend_rules_constraints_initial_rtl.sv:13: sorry: constant selects in always_* processes are not fully supported (the process will be sensitive to all bits in 'InstrD[31:7]').
/run/user/1000/gvfs/sftp:host=olympus.ece.tamu.edu,user=dhanush_adithya/home/grads/d/dhanush_adithya/fall27/jv_llm/assignment-1/submission_artifacts/run_records/experiment_001/extend/rules_constraints/run_01/extend_rules_constraints_run_001/extend_rules_constraints_initial_rtl.sv:13: sorry: constant selects in always_* processes are not fully supported (the process will be sensitive to all bits in 'InstrD[31:7]').
/run/user/1000/gvfs/sftp:host=olympus.ece.tamu.edu,user=dhanush_adithya/home/grads/d/dhanush_adithya/fall27/jv_llm/assignment-1/submission_artifacts/run_records/experiment_001/extend/rules_constraints/run_01/extend_rules_constraints_run_001/extend_rules_constraints_initial_rtl.sv:13: sorry: constant selects in always_* processes are not fully supported (the process will be sensitive to all bits in 'InstrD[31:7]').
/run/user/1000/gvfs/sftp:host=olympus.ece.tamu.edu,user=dhanush_adithya/home/grads/d/dhanush_adithya/fall27/jv_llm/assignment-1/submission_artifacts/run_records/experiment_001/extend/rules_constraints/run_01/extend_rules_constraints_run_001/extend_rules_constraints_initial_rtl.sv:14: sorry: constant selects in always_* processes are not fully supported (the process will be sensitive to all bits in 'InstrD[31:7]').
/run/user/1000/gvfs/sftp:host=olympus.ece.tamu.edu,user=dhanush_adithya/home/grads/d/dhanush_adithya/fall27/jv_llm/assignment-1/submission_artifacts/run_records/experiment_001/extend/rules_constraints/run_01/extend_rules_constraints_run_001/extend_rules_constraints_initial_rtl.sv:9: vvp.tgt sorry: Case unique/unique0 qualities are ignored.
============================================================
Assignment 1 RV32I Immediate Extension Testbench
Vectors: /run/user/1000/gvfs/sftp:host=olympus.ece.tamu.edu,user=dhanush_adithya/home/grads/d/dhanush_adithya/fall27/jv_llm/assignment-1/submission_artifacts/code/A1_student/module_packages/extend/vectors/sample/extend_sample.txt
============================================================
------------------------------------------------------------
Passed: 40
Failed: 0
Total : 40
Score : 100.00%
------------------------------------------------------------
PASS
>>> RESULT: PASS
